// Jest Snapshot v1, https://goo.gl/fbAQLP

exports[`Todo component renders the todo correctly renders correctly 1`] = `
<div
  className="sc-bdVaJa bmmiQk"
  onClick={undefined}
>
  Test Label
</div>
`;
